2 : ERROR : Variable Declaration must be at the beginning
